---
source: src/tests.rs
assertion_line: 33
expression: done
---
[]
