---
source: src/tests.rs
assertion_line: 32
expression: open
---
[
  Task(
    id: "[id]",
    description: "This is a new task",
    created: "[created]",
    state: Todo(
      marked: Some(Done(
        completed: "[completed]",
      )),
    ),
  ),
  Task(
    id: "[id]",
    description: "This is a new task 2",
    note: "with a note",
    created: "[created]",
    tags: [
      "tag1",
      "tag-2",
    ],
    state: Todo(
      marked: None,
    ),
  ),
]
