---
source: src/tests.rs
assertion_line: 19
expression: tasks
---
[
  Task(
    id: "[id]",
    description: "This is a new task",
    created: "[created]",
    state: Todo(
      marked: None,
    ),
  ),
]
